// Jest Snapshot v1, https://goo.gl/fbAQLP

exports[`<FormattedNumber> falls back and warns on invalid Intl.NumberFormat options 1`] = `"FORMAT_ERROR"`;
